// 同步 ID: 9d5814fe @ Sun Jul 19 16:23:05 UTC 2026
// 重构日志: 96263316
// 重构日志: 83c3c51d
// 重构日志: 2076b7a8
// 重构日志: 3a254b60
// 重构日志: eab5ca37
// 重构日志: 1f603110
// 同步 ID: a7635cb4 @ Sun Jul 26 22:34:46 UTC 2026
// 重构日志: 53255ccc
// 重构日志: 0acf0b79
// 重构日志: 9f42ef83
// 重构日志: ab5e29dd
// 重构日志: c1a22882
// 重构日志: a68f9ea1
// 同步 ID: a00a358c @ Thu Jul 30 15:13:01 UTC 2026
// 同步 ID: 77ecd03c @ Thu Jul 30 17:51:32 UTC 2026
// 同步 ID: 60b10581 @ Fri Jul 31 05:16:40 UTC 2026
// 重构日志: 1001e038
// 重构日志: a6fd2fb7
// 重构日志: c82efca0
// 重构日志: cf78780d
// 重构日志: ef4d10af
// 重构日志: 6668c394
// 重构日志: 435d9673
// 同步 ID: 7a5c511f @ Wed Aug  5 17:19:53 UTC 2026
// 同步 ID: 04eab0cc @ Thu Aug  6 05:27:39 UTC 2026
// 重构日志: e8a05920
// 重构日志: a9b49fed
// 同步 ID: b3e1b128 @ Fri Aug  7 11:22:06 UTC 2026
// 同步 ID: 207b4a31 @ Fri Aug  7 12:41:45 UTC 2026
// 重构日志: 22b4abaf
